
Map of Debug\hc-12-expanded.sm8 from link file Debug\hc-12-expanded.lkf - Sun Mar 24 11:53:43 2024


                               --------
                               Segments
                               --------

start 00008080 end 000080f4 length   116 segment .const
start 00008108 end 000083ee length   742 segment .text
start 00004000 end 00004000 length     0 segment .eeprom
start 00000000 end 0000000c length    12 segment .bsct, initialized
start 000080fc end 00008108 length    12 segment .bsct, from
start 0000000c end 00000012 length     6 segment .ubsct
start 00000012 end 00000012 length     0 segment .bit
start 00000012 end 00000012 length     0 segment .share
start 00000100 end 00000100 length     0 segment .data
start 00000100 end 00000100 length     0 segment .bss
start 00000000 end 00000317 length   791 segment .info.
start 00000000 end 000009f3 length  2547 segment .debug
start 00008000 end 00008080 length   128 segment .const
start 000080f4 end 000080fc length     8 segment .init


                               -------
                               Modules
                               -------

C:\Program Files (x86)\COSMIC\FSE_Compilers\CXSTM8\Lib\crtsi0.sm8:
start 00008108 end 00008158 length    80 section .text
start 00000100 end 00000100 length     0 section .bss
start 0000000c end 0000000c length     0 section .ubsct
start 00000000 end 00000033 length    51 section .info.

Debug\console.o:
start 00008158 end 00008194 length    60 section .text
start 00000000 end 0000017f length   383 section .debug
start 00000033 end 000000ab length   120 section .info.

Debug\main.o:
start 00008194 end 0000832e length   410 section .text
start 00000000 end 0000000c length    12 section .bsct
start 0000017f end 00000557 length   984 section .debug
start 000000ab end 00000120 length   117 section .info.
start 00008080 end 000080f4 length   116 section .const

Debug\stm8s_uart1.o:
start 0000832e end 00008379 length    75 section .text
start 00000557 end 00000888 length   817 section .debug
start 00000120 end 0000019c length   124 section .info.

(C:\Program Files (x86)\COSMIC\FSE_Compilers\CXSTM8\Lib\libis0.sm8)strcmp0.o:
start 00008379 end 000083ae length    53 section .text
start 0000019c end 000001ca length    46 section .info.

(C:\Program Files (x86)\COSMIC\FSE_Compilers\CXSTM8\Lib\libm0.sm8)xreg.o:
start 0000000c end 0000000f length     3 section .ubsct
start 000001ca end 000001f8 length    46 section .info.

(C:\Program Files (x86)\COSMIC\FSE_Compilers\CXSTM8\Lib\libm0.sm8)xymov.o:
start 000083ae end 000083ed length    63 section .text
start 000001f8 end 00000227 length    47 section .info.

(C:\Program Files (x86)\COSMIC\FSE_Compilers\CXSTM8\Lib\libm0.sm8)yreg.o:
start 0000000f end 00000012 length     3 section .ubsct
start 00000227 end 00000255 length    46 section .info.

Debug\stm8_interrupt_vector.o:
start 000083ed end 000083ee length     1 section .text
start 00000888 end 000009f3 length   363 section .debug
start 00000255 end 000002db length   134 section .info.
start 00008000 end 00008080 length   128 section .const


                             -----------
                             Stack usage
                             -----------

Debug\console.o:
_getchar                    8   (3)
_printf                    12   (4)
_putchar                    8   (3)

Debug\main.o:
_crlf                      13   (5)
_error                     14   (2)
_main                  >   86   (4)
_ok                        14   (2)
_parser                    82   (20) *** pointer() ***
_showVersion               15   (2)
_update                    62   (48)

Debug\stm8_interrupt_vector.o:
f_NonHandledInterrupt  >    6   (6)

Debug\stm8s_uart1.o:
_UART1_GetFlagStatus        5   (5)
_UART1_ReceiveData8         2   (2)
_UART1_SendData8            2   (2)

C:\Program Files (x86:
_strcmp                     4   (4)

Stack size: 92


                              ---------
                              Call tree
                              ---------
   1 > __stext: (0)

   2 > _main: (4)
   3      + _parser: (20)
   4      |    + _crlf: (5)
   5      |    |    + _getchar: (3)
   6      |    |    |    + _UART1_GetFlagStatus: (5)
   7      |    |    |    + _UART1_ReceiveData8: (2)
          |    |    | 
          |    | 
   8      |    + _error: (2)
   9      |    |    + _printf: (4)
  10      |    |    |    + _putchar: (3)
  11      |    |    |    |    + _UART1_GetFlagStatus --> 6
  12      |    |    |    |    + _UART1_SendData8: (2)
          |    |    |    | 
          |    |    | 
          |    | 
  13      |    + _getchar --> 5
  14      |    + (_showVersion) ...
  15      |    + _strcmp: (4)
  16      |    + (_update) ...
          | 
       
  17 > f_NonHandledInterrupt: (6)

  18   _UART1_GetFlagStatus --> 6

  19   _UART1_ReceiveData8 --> 7

  20   _UART1_SendData8 --> 12

  21   _crlf --> 4

  22   _error --> 8

  23   _getchar --> 5

  24   _ok: (2)
  25      + _printf --> 9
       
  26   _parser --> 3

  27   _printf --> 9

  28   _putchar --> 10

  29   _showVersion: (2)
  30      + _crlf --> 4
  31      + _printf --> 9
       
  32   _strcmp --> 15

  33   _update: (48)
  34      + _crlf --> 4
  35      + _error --> 8
  36      + _getchar --> 5
  37      + _ok --> 24
  38      + _printf --> 9
       


                               -------
                               Symbols
                               -------

_UART1_GetFlagStatus    00008336   defined in Debug\stm8s_uart1.o section .text
                                   used in Debug\console.o
_UART1_ReceiveData8     0000832e   defined in Debug\stm8s_uart1.o section .text
                                   used in Debug\console.o
_UART1_SendData8        00008332   defined in Debug\stm8s_uart1.o section .text
                                   used in Debug\console.o
__endmem                000001ff   defined in command file
                                   *** not used ***
__endzp                 00000012   defined in command file section .ubsct
                                   used in C:\Program Files (x86)\COSMIC\FSE_Compilers\CXSTM8\Lib\crtsi0.sm8
__idesc__               000080f4   defined in linker section .init
                                   used in C:\Program Files (x86)\COSMIC\FSE_Compilers\CXSTM8\Lib\crtsi0.sm8
__memory                00000100   defined in command file section .bss
                                   used in C:\Program Files (x86)\COSMIC\FSE_Compilers\CXSTM8\Lib\crtsi0.sm8
__stack                 000003ff   defined in command file
                                   used in C:\Program Files (x86)\COSMIC\FSE_Compilers\CXSTM8\Lib\crtsi0.sm8
__startmem              00000100   defined in command file section .bss
                                   *** not used ***
__stext                 00008108   defined in C:\Program Files (x86)\COSMIC\FSE_Compilers\CXSTM8\Lib\crtsi0.sm8 section .text
                                   used in Debug\stm8_interrupt_vector.o
__vectab                00008000   defined in Debug\stm8_interrupt_vector.o section .const
_commands               00000000   defined in Debug\main.o section .bsct, initialized
_crlf                   000081a2   defined in Debug\main.o section .text
_error                  00008194   defined in Debug\main.o section .text
_exit                   00008156   defined in C:\Program Files (x86)\COSMIC\FSE_Compilers\CXSTM8\Lib\crtsi0.sm8 section .text
_getchar                0000816a   defined in Debug\console.o section .text
                                   used in Debug\main.o
_main                   00008329   defined in Debug\main.o section .text
                                   used in C:\Program Files (x86)\COSMIC\FSE_Compilers\CXSTM8\Lib\crtsi0.sm8
_ok                     0000819b   defined in Debug\main.o section .text
_parser                 0000829b   defined in Debug\main.o section .text
_printf                 0000817e   defined in Debug\console.o section .text
                                   used in Debug\main.o
_putchar                00008158   defined in Debug\console.o section .text
_showVersion            00008291   defined in Debug\main.o section .text
_strcmp                 00008379   defined in (C:\Program Files (x86)\COSMIC\FSE_Compilers\CXSTM8\Lib\libis0.sm8)strcmp0.o section .text
                                   used in Debug\main.o
_update                 000081c4   defined in Debug\main.o section .text
c_x                     0000000c   defined in (C:\Program Files (x86)\COSMIC\FSE_Compilers\CXSTM8\Lib\libm0.sm8)xreg.o section .ubsct
                                   used in C:\Program Files (x86)\COSMIC\FSE_Compilers\CXSTM8\Lib\crtsi0.sm8
                                           Debug\main.o
                                           (C:\Program Files (x86)\COSMIC\FSE_Compilers\CXSTM8\Lib\libm0.sm8)xymov.o
c_xymov                 000083ae   defined in (C:\Program Files (x86)\COSMIC\FSE_Compilers\CXSTM8\Lib\libm0.sm8)xymov.o section .text
                                   used in Debug\main.o
c_y                     0000000f   defined in (C:\Program Files (x86)\COSMIC\FSE_Compilers\CXSTM8\Lib\libm0.sm8)yreg.o section .ubsct
                                   used in C:\Program Files (x86)\COSMIC\FSE_Compilers\CXSTM8\Lib\crtsi0.sm8
f_NonHandledInterrupt   000083ed   defined in Debug\stm8_interrupt_vector.o section .text
